Accuracy: 98.1%
Inference latency (Raspberry Pi CM4): 91.8ms
Device: Jetson Nano / ESP32 / CM4 / BeagleBone / Coral Edge TPU